// Jest Snapshot v1, https://goo.gl/fbAQLP

exports[`InstructionCard should render properly 1`] = `
<div>
  <div>
    <div
      className=" instruction-card"
      style={Object {}}
    >
      <img
        className="instruction-card__icon"
        src="icon"
      />
      <span
        className="instruction-card__label"
      >
        displayName
      </span>
    </div>
  </div>
</div>
`;
